[     141ms] [VERBOSE] [DOM] Password field is not contained in a form: (More info: https://goo.gl/9p2vKq) %o @ http://localhost:8000/:0
[     227ms] [WARNING] No input elements found for key: api_key_comfy_runpod @ http://localhost:8000/scripts/secrets.js:540
[     229ms] [LOG] Loading locale data from ./locales/zh-cn.json @ http://localhost:8000/scripts/i18n.js:124
[     412ms] [LOG] ST-Prompt-Template initialized @ http://localhost:8000/scripts/extensions/third-party/ST-Prompt-Template/dist/index.js:0
[     509ms] [LOG] [Prompt Template] Faker loaded @ http://localhost:8000/scripts/extensions/third-party/ST-Prompt-Template/dist/index.js:0
[     509ms] [LOG] [Aircraft, BitcoinAddressFamily, BitcoinNetwork, CssFunction, CssSpace, Faker, FakerError, IPv4Network, Sex, SimpleFaker, af_ZA, allFakers, allLocales, ar, az, base, bn_BD, cs_CZ, cy, da, de, de_AT, de_CH, dv, el, en, en_AU, en_AU_ocker, en_BORK, en_CA, en_GB, en_GH, en_HK, en_IE, en_IN, en_NG, en_US, en_ZA, eo, es, es_MX, fa, faker, fakerAF_ZA, fakerAR, fakerAZ, fakerBASE, fakerBN_BD, fakerCS_CZ, fakerCY, fakerDA, fakerDE, fakerDE_AT, fakerDE_CH, fakerDV, fakerEL, fakerEN, fakerEN_AU, fakerEN_AU_ocker, fakerEN_BORK, fakerEN_CA, fakerEN_GB, fakerEN_GH, fakerEN_HK, fakerEN_IE, fakerEN_IN, fakerEN_NG, fakerEN_US, fakerEN_ZA, fakerEO, fakerES, fakerES_MX, fakerFA, fakerFI, fakerFR, fakerFR_BE, fakerFR_CA, fakerFR_CH, fakerFR_LU, fakerFR_SN, fakerHE, fakerHR, fakerHU, fakerHY, fakerID_ID, fakerIT, fakerJA, fakerKA_GE, fakerKO, fakerLV, fakerMK, fakerNB_NO, fakerNE, fakerNL, fakerNL_BE, fakerPL, fakerPT_BR, fakerPT_PT, fakerRO, fakerRO_MD] @ http://localhost:8000/scripts/extensions/third-party/ST-Prompt-Template/dist/index.js:0
[     509ms] [LOG] [Prompt Template] xxhash loaded @ http://localhost:8000/scripts/extensions/third-party/ST-Prompt-Template/dist/index.js:0
[     553ms] [INFO] Using default TTS Provider settings @ http://localhost:8000/scripts/extensions/tts/system.js:120
[     584ms] [LOG] [QR2] sets:  [QuickReplySet] @ http://localhost:8000/scripts/extensions/quick-reply/index.js:20
[     584ms] [LOG] [QR2] settings:  QuickReplySettings @ http://localhost:8000/scripts/extensions/quick-reply/index.js:20
[     601ms] [LOG] 🚀 虚拟手机 v1.3.1 启动 @ http://localhost:8000/scripts/extensions/third-party/yuzuki-phone/index.js:59
[     610ms] [WARNING] Failed to insert focus rule: SyntaxError: Failed to execute 'insertRule' on 'CSSStyleSheet': Failed to parse the rule '::-webkit-scrollbar-track:focus-visible { background-color: rgba(126, 126, 126, 0.2); }'.
    at http://localhost:8000/scripts/dynamic-styles.js:145:34
    at Array.forEach (<anonymous>)
    at applyDynamicFocusStyles (http://localhost:8000/scripts/dynamic-styles.js:118:16)
    at http://localhost:8000/scripts/dynamic-styles.js:193:13
    at Array.forEach (<anonymous>)
    at initDynamicStyles (http://localhost:8000/scripts/dynamic-styles.js:191:38)
    at firstLoadInit (http://localhost:8000/script.js:704:5)
    at async HTMLDocument.<anonymous> (http://localhost:8000/script.js:12322:5) @ http://localhost:8000/scripts/dynamic-styles.js:146
[     611ms] [WARNING] Failed to process stylesheet on initial load: SecurityError: Failed to read the 'cssRules' property from 'CSSStyleSheet': Cannot access rules
    at processImportedStylesheet (http://localhost:8000/scripts/dynamic-styles.js:107:28)
    at http://localhost:8000/scripts/dynamic-styles.js:66:17
    at Array.forEach (<anonymous>)
    at processRules (http://localhost:8000/scripts/dynamic-styles.js:60:27)
    at applyDynamicFocusStyles (http://localhost:8000/scripts/dynamic-styles.js:112:5)
    at http://localhost:8000/scripts/dynamic-styles.js:193:13
    at Array.forEach (<anonymous>)
    at initDynamicStyles (http://localhost:8000/scripts/dynamic-styles.js:191:38)
    at firstLoadInit (http://localhost:8000/script.js:704:5)
    at async HTMLDocument.<anonymous> (http://localhost:8000/script.js:12322:5) @ http://localhost:8000/scripts/dynamic-styles.js:194
[     639ms] [LOG] ✅ 虚拟手机核心模块加载完成 (38ms) @ http://localhost:8000/scripts/extensions/third-party/yuzuki-phone/index.js:998
[     683ms] [WARNING] [DEPRECATED] MacrosParser.registerMacro is deprecated and will be removed in a future version. Use macros.registry.registerMacro (from scripts/macros/macro-system.js) or substituteParams({ dynamicMacros }) instead. @ http://localhost:8000/scripts/macros.js:63
[     683ms] [WARNING] [DEPRECATED] MacrosParser.registerMacro is deprecated and will be removed in a future version. Use macros.registry.registerMacro (from scripts/macros/macro-system.js) or substituteParams({ dynamicMacros }) instead. @ http://localhost:8000/scripts/macros.js:63
[    4167ms] [LOG] [Wechat][OnlineProactive] 重置当前会话倒计时: session_enter @ http://localhost:8000/scripts/extensions/third-party/yuzuki-phone/index.js:4911
[   75556ms] [ERROR] Failed to load resource: the server responded with a status of 500 (Internal Server Error) @ http://localhost:8000/api/sd/comfy/vaes:0
[   75560ms] [ERROR] Failed to load resource: the server responded with a status of 500 (Internal Server Error) @ http://localhost:8000/api/sd/comfy/schedulers:0
[   75560ms] [ERROR] Failed to load resource: the server responded with a status of 500 (Internal Server Error) @ http://localhost:8000/api/sd/comfy/models:0
[   75562ms] [ERROR] Failed to load resource: the server responded with a status of 500 (Internal Server Error) @ http://localhost:8000/api/sd/comfy/samplers:0
[   80013ms] [INFO] Rendered 3 messages in 0.014 seconds. @ http://localhost:8000/script.js:1482
[   80178ms] [LOG] [Prompt Template] *** PRELOADING WORLD INFO *** @ http://localhost:8000/scripts/extensions/third-party/ST-Prompt-Template/dist/index.js:0
[   80179ms] [LOG] [Prompt Template] *** EVALUATING 17 WORLD INFO *** @ http://localhost:8000/scripts/extensions/third-party/ST-Prompt-Template/dist/index.js:0
[   80182ms] [LOG] [Prompt Template] processing 17 world info in 4ms @ http://localhost:8000/scripts/extensions/third-party/ST-Prompt-Template/dist/index.js:0
[   80182ms] [LOG] [Prompt Template] *** UPDATE ALL MESSAGES *** @ http://localhost:8000/scripts/extensions/third-party/ST-Prompt-Template/dist/index.js:0
[   80183ms] [LOG] [Prompt Template] processing #0 messages in 1ms @ http://localhost:8000/scripts/extensions/third-party/ST-Prompt-Template/dist/index.js:0
[   80184ms] [LOG] [Prompt Template] processing #1 messages in 1ms @ http://localhost:8000/scripts/extensions/third-party/ST-Prompt-Template/dist/index.js:0
[   80185ms] [LOG] [QR2] calling {functionToCall: , args: Array(2)} @ http://localhost:8000/scripts/extensions/quick-reply/index.js:20
[   80186ms] [WARNING] ⚠️ 旧版Phone标签解析失败（已忽略）: Unexpected token '.', "..." is not valid JSON @ http://localhost:8000/scripts/extensions/third-party/yuzuki-phone/index.js:4742
[   80186ms] [WARNING] ⚠️ 旧版Phone标签解析失败（已忽略）: Unexpected token '<', "<SMS FROM="... is not valid JSON @ http://localhost:8000/scripts/extensions/third-party/yuzuki-phone/index.js:4742
[   80186ms] [WARNING] ⚠️ [Phone] 跳过非用户接听人的电话标签: (未填写) @ http://localhost:8000/scripts/extensions/third-party/yuzuki-phone/index.js:7259
[   80192ms] [LOG] [Prompt Template] processing #2 messages in 7ms @ http://localhost:8000/scripts/extensions/third-party/ST-Prompt-Template/dist/index.js:0
[   80201ms] [LOG] [QR2] calling {functionToCall: , args: Array(1)} @ http://localhost:8000/scripts/extensions/quick-reply/index.js:20
[   80201ms] [LOG] [QR2] CHAT_CHANGED 魔法少女堕落之路～淫纹的诅咒～ - 2026-04-09@20h44m16s835ms @ http://localhost:8000/scripts/extensions/quick-reply/index.js:20
[   80203ms] [LOG] [Weibo][AutoQueue] 已重置: chat_changed @ http://localhost:8000/scripts/extensions/third-party/yuzuki-phone/index.js:4825
[   80203ms] [LOG] [Wechat][OnlineProactive] 重置当前会话倒计时: chat_changed @ http://localhost:8000/scripts/extensions/third-party/yuzuki-phone/index.js:4911
[   82344ms] [LOG] Generate entered @ http://localhost:8000/script.js:4123
[   82345ms] [LOG] [QR2] calling {functionToCall: , args: Array(3)} @ http://localhost:8000/scripts/extensions/quick-reply/index.js:20
[   82345ms] [LOG] [QR2] Before-generation hook skipped due to dryRun. @ http://localhost:8000/scripts/extensions/quick-reply/index.js:20
[   82348ms] [LOG] Core/all messages: 3/3 @ http://localhost:8000/script.js:4436
[   82491ms] [LOG] [WI] Hypothetically adding 16 entries to prompt [Object, Object, Object, Object, Object, Object, Object, Object, Object, Object, Object, Object, Object, Object, Object, Object] @ http://localhost:8000/scripts/world-info.js:5071
[   82491ms] [LOG] skipWIAN not active, adding WIAN @ http://localhost:8000/script.js:4495
[  121872ms] [INFO] [Prompt Template] chat message #2.0 is generating @ http://localhost:8000/scripts/extensions/third-party/ST-Prompt-Template/dist/index.js:0
[  122962ms] [LOG] Generate entered @ http://localhost:8000/script.js:4123
[  122963ms] [LOG] [QR2] calling {functionToCall: , args: Array(3)} @ http://localhost:8000/scripts/extensions/quick-reply/index.js:20
[  122963ms] [LOG] [QR2] Before-generation hook skipped due to dryRun. @ http://localhost:8000/scripts/extensions/quick-reply/index.js:20
[  122966ms] [LOG] Core/all messages: 3/3 @ http://localhost:8000/script.js:4436
[  123039ms] [LOG] [WI] Hypothetically adding 13 entries to prompt [Object, Object, Object, Object, Object, Object, Object, Object, Object, Object, Object, Object, Object] @ http://localhost:8000/scripts/world-info.js:5071
[  123039ms] [LOG] skipWIAN not active, adding WIAN @ http://localhost:8000/script.js:4495
[  150494ms] TypeError: Cannot read properties of null (reading 'getBoundingClientRect')
    at AutoComplete.updateFloatingPosition (http://localhost:8000/scripts/autocomplete/AutoComplete.js:581:42)
    at AutoComplete.updatePosition (http://localhost:8000/scripts/autocomplete/AutoComplete.js:523:18)
    at http://localhost:8000/scripts/utils.js:569:41
